[e-gujarati.in/index.html]
[backblue.gif]
[fade.gif]
[index.html]
[e-gujarati.in/wp-content/themes/astra/assets/css/minified/main.mina02c.css]
[e-gujarati.in/wp-includes/css/dist/block-library/style.min84fc.css]
[e-gujarati.in/feed/index.html]
[e-gujarati.in/wp-content/plugins/contact-form-7/includes/css/styles7404.css]
[e-gujarati.in/comments/feed/index.html]
[e-gujarati.in/wp-content/themes/astra/assets/css/minified/compatibility/contact-form-7-main.mina02c.css]
[e-gujarati.in/wp-content/plugins/recent-posts-widget-with-thumbnails/public03db.css]
[e-gujarati.in/xmlrpc0db0.php]
[e-gujarati.in/wp-content/uploads/2024/01/cropped-E-G-32x32.webp]
[e-gujarati.in/wp-content/uploads/2024/01/cropped-E-G-192x192.webp]
[e-gujarati.in/wp-json/index.html]
[e-gujarati.in/wp-content/uploads/2024/01/cropped-E-G-180x180.webp]
[securepubads.g.doubleclick.net/tag/js/f.txt]
[www.googletagmanager.com/gtag/js3ca0]
[www.googletagmanager.com/gtag/jsf36b]
[code.jquery.com/jquery-3.6.4.min.js]
[cdnjs.cloudflare.com/ajax/libs/js-cookie/3.0.1/js.cookie.min.js]
[api.gplinks.com/track/js/main23cb.js]
[e-gujarati.in/modern-financial-challenges-balancing-student-loans-mortgages-and-saving-for-retirement/index.html]
[e-gujarati.in/cryptocurrency-in-real-estate-buying-property-with-digital-currency/index.html]
[e-gujarati.in/wp-content/uploads/2024/03/smiling-woman-exercising-yoga-meditating-with-her-eyes-closed-rock-by-sea-copy-space_637285-5469-1024x792.jpg]
[e-gujarati.in/insurance-and-loans-in-the-age-of-ai-personalizing-financial-products/index.html]
[e-gujarati.in/global-real-estate-how-to-secure-a-mortgage-for-overseas-property/index.html]
[e-gujarati.in/wp-content/uploads/2024/03/cardano-blockchain-platform-concept_23-2150278265-1024x576.jpg]
[e-gujarati.in/the-intersection-of-personal-finance-and-environmental-sustainability/index.html]
[e-gujarati.in/understanding-the-mortgage-process-for-tiny-homes-and-non-traditional-dwellings/index.html]
[e-gujarati.in/the-pros-and-cons-of-mortgage-forbearance-what-homeowners-need-to-know/index.html]
[e-gujarati.in/mortgage-tips-for-purchasing-investment-properties/index.html]
[e-gujarati.in/category/loan/index.html]
[e-gujarati.in/category/personal-loan/index.html]
[e-gujarati.in/wp-content/uploads/2024/03/pexels-fauxels-3184292-1024x576.jpg]
[e-gujarati.in/category/health-insurance/index.html]
[e-gujarati.in/category/insurance/index.html]
[e-gujarati.in/category/student-loan/index.html]
[e-gujarati.in/wp-content/uploads/2024/03/happy-family-looking-through-window-while-moving-into-new-home_637285-11607-1024x682.jpg]
[e-gujarati.in/category/mortgage/index.html]
[e-gujarati.in/the-role-of-finance-in-achieving-personal-and-community-wellness/index.html]
[e-gujarati.in/wp-content/uploads/2024/03/pexels-aliona-pasha-3892273-1024x927.jpg]
[e-gujarati.in/author/abhishek/index.html]
[e-gujarati.in/wp-content/uploads/2024/03/pexels-frans-van-heerden-1438832-1-1024x611.jpg]
[e-gujarati.in/category/home-loan/index.html]
[e-gujarati.in/wp-content/uploads/2024/03/pexels-photo-2360673-1024x819.jpg]
[e-gujarati.in/wp-content/uploads/2024/03/pexels-pixabay-210617-1024x686.jpg]
[e-gujarati.in/wp-content/uploads/2024/03/pexels-alex-staudinger-1732414-1024x576.jpg]
[e-gujarati.in/how-to-leverage-your-home-equity-wisely-second-mortgage-vs-heloc/index.html]
[e-gujarati.in/page/7/index.html]
[e-gujarati.in/page/2/index.html]
[e-gujarati.in/wp-content/uploads/2024/03/smiling-woman-exercising-yoga-meditating-with-her-eyes-closed-rock-by-sea-copy-space_637285-5469-150x150.jpg]
[e-gujarati.in/wp-content/uploads/2024/03/cardano-blockchain-platform-concept_23-2150278265-150x150.jpg]
[e-gujarati.in/wp-content/uploads/2024/03/pexels-rdne-stock-project-7821702-150x150.jpg]
[e-gujarati.in/wp-content/uploads/2024/03/pexels-fauxels-3184292-150x150.jpg]
[e-gujarati.in/wp-content/uploads/2024/03/happy-family-looking-through-window-while-moving-into-new-home_637285-11607-150x150.jpg]
[e-gujarati.in/wp-content/themes/astra/assets/js/minified/frontend.mina02c.js]
[e-gujarati.in/category/car-loan/index.html]
[e-gujarati.in/category/jobs/index.html]
[e-gujarati.in/wp-content/plugins/contact-form-7/includes/swv/js/index7404.js]
[e-gujarati.in/category/life-insurance/index.html]
[e-gujarati.in/category/yojana/index.html]
[e-gujarati.in/about-us/index.html]
[e-gujarati.in/contact-us/index.html]
[e-gujarati.in/privacy-policy/index.html]
[e-gujarati.in/terms-and-conditions/index.html]
[e-gujarati.in/wp-content/plugins/contact-form-7/includes/js/index7404.js]
[e-gujarati.in/wp-content/plugins/wp-smushit/app/assets/js/smush-lazy-load.minbb93.js]
[e-gujarati.in/disclaimer/index.html]
[magictag.digislots.in/657asds90/magic-shield.js]
[i.ibb.co/9w6ckGJ/Ad-Block-Detected-1.png]
[pagead2.googlesyndication.com/pagead/js/f.txt]
[api.gplinks.com/track/js/main.js]
[e-gujarati.in/POST]
[e-gujarati.in/index.html]
[e-gujarati.in/wp-content/themes/astra/assets/css/minified/main.mina02c.css]
[e-gujarati.in/wp-includes/css/dist/block-library/style.min84fc.css]
[e-gujarati.in/wp-content/plugins/contact-form-7/includes/css/styles7404.css]
[e-gujarati.in/wp-content/themes/astra/assets/css/minified/compatibility/contact-form-7-main.mina02c.css]
[e-gujarati.in/wp-content/plugins/recent-posts-widget-with-thumbnails/public03db.css]
[e-gujarati.in/insurance-and-loans-in-the-age-of-ai-personalizing-financial-products/feed/index.html]
[e-gujarati.in/wp-content/plugins/easy-table-of-contents/assets/css/screen.minf169.css]
[e-gujarati.in/wp-includes/js/jquery/jquery.minf43b.js]
[e-gujarati.in/wp-includes/js/jquery/jquery-migrate.min5589.js]
[e-gujarati.in/wp-json/wp/v2/posts/387.json]
[e-gujarati.in/wp-json/oembed/1.0/embedbac4.json]
[e-gujarati.in/wp-json/oembed/1.0/embed2fc7]
[e-gujarati.in/wp-content/uploads/2024/03/pexels-cottonbro-studio-5195490-1024x1024.jpg]
[e-gujarati.in/wp-content/uploads/2024/03/pexels-nappy-936089-1024x796.jpg]
[e-gujarati.in/wp-includes/js/comment-reply.min84fc.js]
[e-gujarati.in/wp-content/plugins/easy-table-of-contents/assets/js/smooth_scroll.minf169.js]
[e-gujarati.in/insuring-against-climate-change-policies-for-a-warmer-world/index.html]
[e-gujarati.in/wp-content/plugins/easy-table-of-contents/vendor/js-cookie/js.cookie.min77e6.js]
[e-gujarati.in/wp-content/plugins/easy-table-of-contents/vendor/sticky-kit/jquery.sticky-kit.min2c00.js]
[e-gujarati.in/freelancer-insurance-combating-insecurity-in-the-gig-economy/index.html]
[e-gujarati.in/wp-content/plugins/easy-table-of-contents/assets/js/front.min6ed3.js]
[e-gujarati.in/insurance-and-loans-in-the-age-of-ai-personalizing-financial-products/POST]
[e-gujarati.in/insurance-and-loans-in-the-age-of-ai-personalizing-financial-products/index.html]
[e-gujarati.in/wp-json/wp/v2/posts/388.json]
[e-gujarati.in/cryptocurrency-in-real-estate-buying-property-with-digital-currency/feed/index.html]
[e-gujarati.in/wp-json/oembed/1.0/embedd5e7.json]
[e-gujarati.in/wp-json/oembed/1.0/embedf908]
[e-gujarati.in/wp-content/uploads/2024/03/pexels-tobi-463734-1024x682.jpg]
[e-gujarati.in/wp-content/uploads/2024/03/pexels-andrea-piacquadio-3823488-1024x683.jpg]
[e-gujarati.in/exploring-the-viability-of-loans-for-retrofitting-homes-for-energy-efficiency/index.html]
[e-gujarati.in/the-shift-towards-digital-loan-platforms-what-it-means-for-borrowers/index.html]
[e-gujarati.in/cryptocurrency-in-real-estate-buying-property-with-digital-currency/POST]
[e-gujarati.in/cryptocurrency-in-real-estate-buying-property-with-digital-currency/index.html]
[e-gujarati.in/modern-financial-challenges-balancing-student-loans-mortgages-and-saving-for-retirement/feed/index.html]
[e-gujarati.in/wp-json/wp/v2/posts/389.json]
[e-gujarati.in/wp-json/oembed/1.0/embedc99f.json]
[e-gujarati.in/wp-json/oembed/1.0/embed008f]
[e-gujarati.in/modern-financial-challenges-balancing-student-loans-mortgages-and-saving-for-retirement/POST]
[e-gujarati.in/modern-financial-challenges-balancing-student-loans-mortgages-and-saving-for-retirement/index.html]
[e-gujarati.in/the-intersection-of-personal-finance-and-environmental-sustainability/feed/index.html]
[e-gujarati.in/wp-json/wp/v2/posts/390.json]
[e-gujarati.in/wp-json/oembed/1.0/embedc7c7.json]
[e-gujarati.in/wp-json/oembed/1.0/embed51f5]
[e-gujarati.in/the-intersection-of-personal-finance-and-environmental-sustainability/POST]
[e-gujarati.in/the-intersection-of-personal-finance-and-environmental-sustainability/index.html]
[e-gujarati.in/global-real-estate-how-to-secure-a-mortgage-for-overseas-property/feed/index.html]
[e-gujarati.in/wp-json/wp/v2/posts/377.json]
[e-gujarati.in/wp-json/oembed/1.0/embed67b0.json]
[e-gujarati.in/wp-json/oembed/1.0/embedbd60]
[e-gujarati.in/global-real-estate-how-to-secure-a-mortgage-for-overseas-property/POST]
[e-gujarati.in/global-real-estate-how-to-secure-a-mortgage-for-overseas-property/index.html]
[e-gujarati.in/the-pros-and-cons-of-mortgage-forbearance-what-homeowners-need-to-know/feed/index.html]
[e-gujarati.in/wp-json/wp/v2/posts/376.json]
[e-gujarati.in/wp-json/oembed/1.0/embed58c7.json]
[e-gujarati.in/wp-json/oembed/1.0/embede45d]
[e-gujarati.in/the-pros-and-cons-of-mortgage-forbearance-what-homeowners-need-to-know/POST]
[e-gujarati.in/the-pros-and-cons-of-mortgage-forbearance-what-homeowners-need-to-know/index.html]
[e-gujarati.in/understanding-the-mortgage-process-for-tiny-homes-and-non-traditional-dwellings/feed/index.html]
[e-gujarati.in/wp-json/wp/v2/posts/375.json]
[e-gujarati.in/wp-json/oembed/1.0/embed280a.json]
[e-gujarati.in/wp-json/oembed/1.0/embedb2d5]
[e-gujarati.in/understanding-the-mortgage-process-for-tiny-homes-and-non-traditional-dwellings/POST]
[e-gujarati.in/understanding-the-mortgage-process-for-tiny-homes-and-non-traditional-dwellings/index.html]
[e-gujarati.in/mortgage-tips-for-purchasing-investment-properties/feed/index.html]
[e-gujarati.in/wp-json/wp/v2/posts/374.json]
[e-gujarati.in/wp-json/oembed/1.0/embed5f77.json]
[e-gujarati.in/wp-json/oembed/1.0/embed6a43]
[e-gujarati.in/mortgage-tips-for-purchasing-investment-properties/POST]
[e-gujarati.in/mortgage-tips-for-purchasing-investment-properties/index.html]
[e-gujarati.in/wp-json/wp/v2/categories/129.json]
[e-gujarati.in/category/loan/feed/index.html]
[e-gujarati.in/wp-content/uploads/2024/03/pexels-thibault-trillet-167636-1024x678.jpg]
[e-gujarati.in/wp-content/uploads/2024/03/pexels-karolina-grabowska-4968631-1-1024x683.jpg]
[e-gujarati.in/creative-financing-loans-for-artists-and-musicians/index.html]
[e-gujarati.in/the-growing-popularity-of-peer-to-peer-p2p-loan-in-diverse-markets/index.html]
[e-gujarati.in/wp-content/uploads/2024/03/pexels-sebastian-sorensen-731082-1024x576.jpg]
[e-gujarati.in/financing-the-fight-against-climate-change-green-loans-explained/index.html]
[e-gujarati.in/category/loan/POST]
[e-gujarati.in/category/loan/index.html]
[e-gujarati.in/category/personal-loan/feed/index.html]
[e-gujarati.in/wp-json/wp/v2/categories/132.json]
[e-gujarati.in/category/personal-loan/POST]
[e-gujarati.in/category/personal-loan/index.html]
[e-gujarati.in/wp-json/wp/v2/categories/131.json]
[e-gujarati.in/category/student-loan/feed/index.html]
[e-gujarati.in/category/student-loan/POST]
[e-gujarati.in/category/student-loan/index.html]
[e-gujarati.in/wp-json/wp/v2/categories/134.json]
[e-gujarati.in/wp-content/uploads/2024/03/133967-1024x683.jpg]
[e-gujarati.in/category/insurance/feed/index.html]
[e-gujarati.in/wp-content/uploads/2024/03/white-drone-hovering-bright-blue-sky_158595-3344-1024x683.jpg]
[e-gujarati.in/wp-content/uploads/2024/03/young-happy-couple-communicating-with-financial-advisor-who-is-using-digital-tablet-meeting_637285-2818-1024x682.jpg]
[e-gujarati.in/the-rise-of-insurance-for-autonomous-drones-and-robots/index.html]
[e-gujarati.in/understanding-supplemental-health-insurance-is-it-worth-the-extra-cost/index.html]
[e-gujarati.in/category/insurance/POST]
[e-gujarati.in/category/insurance/index.html]
[e-gujarati.in/navigating-insurance-needs-for-online-businesses-in-the-digital-marketplace/index.html]
[e-gujarati.in/category/health-insurance/feed/index.html]
[e-gujarati.in/wp-json/wp/v2/categories/135.json]
[e-gujarati.in/category/health-insurance/POST]
[e-gujarati.in/category/health-insurance/index.html]
[e-gujarati.in/wp-json/wp/v2/categories/138.json]
[e-gujarati.in/category/mortgage/feed/index.html]
[e-gujarati.in/category/mortgage/POST.66.delayed]
[e-gujarati.in/category/mortgage/index.html]
[e-gujarati.in/the-role-of-finance-in-achieving-personal-and-community-wellness/feed/index.html]
[e-gujarati.in/wp-json/wp/v2/posts/386.json]
[e-gujarati.in/wp-json/oembed/1.0/embeddf8c.json]
[e-gujarati.in/wp-json/oembed/1.0/embedf71b]
[e-gujarati.in/the-role-of-finance-in-achieving-personal-and-community-wellness/POST]
[e-gujarati.in/the-role-of-finance-in-achieving-personal-and-community-wellness/index.html]
[e-gujarati.in/wp-json/wp/v2/users/2.json]
[e-gujarati.in/author/abhishek/feed/index.html]
[e-gujarati.in/author/abhishek/page/2/index.html]
[e-gujarati.in/author/abhishek/POST.6c.delayed]
[e-gujarati.in/author/abhishek/index.html]
[e-gujarati.in/wp-content/uploads/2024/03/pexels-rdne-stock-project-7821702-1024x683.jpg]
[e-gujarati.in/wp-json/wp/v2/categories/130.json]
[e-gujarati.in/category/home-loan/feed/index.html]
[e-gujarati.in/category/home-loan/POST]
[e-gujarati.in/category/home-loan/index.html]
[e-gujarati.in/how-to-leverage-your-home-equity-wisely-second-mortgage-vs-heloc/feed/index.html]
[e-gujarati.in/wp-json/wp/v2/posts/369.json]
[e-gujarati.in/wp-json/oembed/1.0/embed0658.json]
[e-gujarati.in/wp-json/oembed/1.0/embed593b]
[e-gujarati.in/how-to-leverage-your-home-equity-wisely-second-mortgage-vs-heloc/POST]
[e-gujarati.in/how-to-leverage-your-home-equity-wisely-second-mortgage-vs-heloc/index.html]
[e-gujarati.in/page/3/index.html]
[e-gujarati.in/page/2/POST]
[e-gujarati.in/page/2/index.html]
[e-gujarati.in/wp-content/uploads/2024/01/Mera-Bill-Mera-Adhikar-Yojana-1024x576.png]
[e-gujarati.in/wp-content/uploads/2024/01/Namo-Tablet-Yojana-2024-1024x576.png]
[e-gujarati.in/wp-content/uploads/2024/01/Tar-Fencing-yojana-2024-1-1024x576.png]
[e-gujarati.in/mera-bill-mera-adhikar-yojana/index.html]
[e-gujarati.in/author/egujarati/index.html]
[e-gujarati.in/wp-content/uploads/2024/01/Pradhan-Mantri-Matru-Vandana-Yojana-1024x576.png]
[e-gujarati.in/wp-content/uploads/2024/01/Vahli-Dikri-Yojana-2024-1024x576.png]
[e-gujarati.in/wp-content/uploads/2024/01/Pradhan-Mantri-Jan-Dhan-Yojana-2024-1024x576.png]
[e-gujarati.in/tar-fencing-yojana-2024/index.html]
[e-gujarati.in/wp-content/uploads/2024/01/Student-laptop-Yojana-2024-1024x576.png]
[e-gujarati.in/namo-tablet-yojana-2024/index.html]
[e-gujarati.in/pradhan-mantri-matru-vandana-yojana/index.html]
[e-gujarati.in/wp-content/uploads/2024/01/Gujarat-Ganga-Swarupa-Yojana-2024-1024x576.webp]
[e-gujarati.in/vahli-dikri-yojana-2024/index.html]
[e-gujarati.in/pradhan-mantri-jan-dhan-yojana-2024/index.html]
[e-gujarati.in/student-laptop-yojana-2024/index.html]
[e-gujarati.in/wp-content/uploads/2024/01/Matrutva-Vandana-Yojana-2024-1024x576.webp]
[e-gujarati.in/gujarat-ganga-swarupa-yojana-2024/index.html]
[e-gujarati.in/matrutva-vandana-yojana/index.html]
[e-gujarati.in/page/6/index.html]
[e-gujarati.in/page/7/POST]
[e-gujarati.in/page/7/index.html]
[e-gujarati.in/category/car-loan/feed/index.html]
[e-gujarati.in/wp-json/wp/v2/categories/133.json]
[e-gujarati.in/category/car-loan/POST]
[e-gujarati.in/category/car-loan/index.html]
[e-gujarati.in/category/jobs/feed/index.html]
[e-gujarati.in/wp-json/wp/v2/categories/1.json]
[e-gujarati.in/wp-content/uploads/2024/02/NIACL-Assistant-Recruitment-2024-1024x576.webp]
[e-gujarati.in/wp-content/uploads/2024/02/BECIL-Recruitment-2024-1024x576.webp]
[e-gujarati.in/wp-content/uploads/2024/02/GPSC-Bharti-2024-1024x576.png]
[e-gujarati.in/niacl-assistant-recruitment-2024/index.html]
[e-gujarati.in/wp-content/uploads/2024/01/12th-Pass-Bharti-2024-1-1024x576.png]
[e-gujarati.in/wp-content/uploads/2024/01/NTPC-Bharti-2024-1024x576.png]
[e-gujarati.in/gpsc-bharti-2024/index.html]
[e-gujarati.in/becil-recruitment-2024/index.html]
[e-gujarati.in/12th-pass-bharti-2024/index.html]
[e-gujarati.in/wp-content/uploads/2024/01/Police-Vibhag-Bharti-2024-1024x576.png]
[e-gujarati.in/wp-content/uploads/2024/01/Army-MES-Bharti-2024-1024x576.png]
[e-gujarati.in/ntpc-bharti-2024/index.html]
[e-gujarati.in/police-vibhag-bharti-2024/index.html]
[e-gujarati.in/wp-content/uploads/2024/01/RRE-JE-Bharti-2024-1024x576.png]
[e-gujarati.in/army-mes-bharti-2024/index.html]
[e-gujarati.in/rre-je-bharti-2024/index.html]
[e-gujarati.in/wp-content/uploads/2024/01/AAI-Recruitment-2024-1024x576.png]
[e-gujarati.in/aai-recruitment-2024/index.html]
[e-gujarati.in/wp-content/uploads/2024/01/Indian-Army-SSC-Recruitment-2024-1024x576.png]
[e-gujarati.in/indian-army-ssc-recruitment-2024/index.html]
[e-gujarati.in/category/jobs/page/2/index.html]
[e-gujarati.in/category/jobs/POST]
[e-gujarati.in/category/jobs/page/4/index.html]
[e-gujarati.in/category/jobs/index.html]
[e-gujarati.in/wp-json/wp/v2/categories/136.json]
[e-gujarati.in/category/life-insurance/feed/index.html]
[e-gujarati.in/category/life-insurance/POST]
[e-gujarati.in/category/life-insurance/index.html]
[e-gujarati.in/category/yojana/feed/index.html]
[e-gujarati.in/wp-json/wp/v2/categories/11.json]
[e-gujarati.in/wp-content/uploads/2024/01/LPG-cylinder-price-1024x576.webp]
[e-gujarati.in/wp-content/uploads/2024/01/7th-Pay-Commission-Latest-News-1024x576.webp]
[e-gujarati.in/wp-content/uploads/2024/01/Pradhan-Mantri-Yasasvi-Scholarship-Yojana-1024x576.png]
[e-gujarati.in/lpg-cylinder-price/index.html]
[e-gujarati.in/wp-content/uploads/2024/01/Gujarat-Mukhyamantri-Nidan-Yojana-1024x576.png]
[e-gujarati.in/pradhan-mantri-yasasvi-scholarship-yojana/index.html]
[e-gujarati.in/wp-content/uploads/2024/01/Gujarat-Mukhyamantri-Kisan-Sahay-Yojana-1-1024x576.png]
[e-gujarati.in/gujarat-mukhyamantri-nidan-yojana/index.html]
[e-gujarati.in/7th-pay-commission-latest-news/index.html]
[e-gujarati.in/wp-content/uploads/2024/01/Ujala-Yojana-Gujarat-1024x576.png]
[e-gujarati.in/wp-content/uploads/2024/01/Pradhan-Mantri-Awas-Yojana-1024x576.png]
[e-gujarati.in/gujarat-mukhyamantri-kisan-sahay-yojana/index.html]
[e-gujarati.in/wp-content/uploads/2024/01/PM-Mudra-Loan-2024-1024x576.png]
[e-gujarati.in/ujala-yojana-gujarat/index.html]
[e-gujarati.in/pm-mudra-loan-2024/index.html]
[e-gujarati.in/pradhan-mantri-awas-yojana/index.html]
[e-gujarati.in/wp-content/uploads/2024/01/Solar-Rooftop-Yojana-2024-1024x576.png]
[e-gujarati.in/category/yojana/POST]
[e-gujarati.in/category/yojana/index.html]
[e-gujarati.in/category/yojana/page/2/index.html]
[e-gujarati.in/wp-json/wp/v2/pages/7.json]
[e-gujarati.in/solar-rooftop-yojana-2024/index.html]
[e-gujarati.in/wp-json/oembed/1.0/embed89ea.json]
[e-gujarati.in/wp-json/oembed/1.0/embed1270]
[e-gujarati.in/about-us/POST]
[e-gujarati.in/about-us/index.html]
[e-gujarati.in/wp-json/wp/v2/pages/10.json]
[e-gujarati.in/wp-json/oembed/1.0/embedfa2d.json]
[e-gujarati.in/wp-json/oembed/1.0/embed42d8]
[e-gujarati.in/contact-us/POST]
[e-gujarati.in/contact-us/index.html]
[e-gujarati.in/privacy-policy/feed/index.html]
[e-gujarati.in/wp-json/wp/v2/pages/3.json]
[e-gujarati.in/wp-json/oembed/1.0/embed2079.json]
[e-gujarati.in/wp-json/oembed/1.0/embed2667]
[e-gujarati.in/privacy-policy/POST]
[e-gujarati.in/privacy-policy/index.html]
[e-gujarati.in/wp-json/wp/v2/pages/12.json]
[e-gujarati.in/wp-json/oembed/1.0/embedef4c.json]
[e-gujarati.in/wp-json/oembed/1.0/embede4a1]
[e-gujarati.in/terms-and-conditions/POST]
[e-gujarati.in/terms-and-conditions/index.html]
[e-gujarati.in/wp-json/wp/v2/pages/14.json]
[e-gujarati.in/wp-json/oembed/1.0/embed4fa8.json]
[e-gujarati.in/wp-json/oembed/1.0/embed94c6]
[e-gujarati.in/cdn-cgi/l/email-protection.html]
[e-gujarati.in/cdn-cgi/scripts/5c5dd728/cloudflare-static/email-decode.min.js]
[e-gujarati.in/disclaimer/POST]
[e-gujarati.in/disclaimer/index.html]
[e-gujarati.in/_ClienturiOnlyFront]
[digislots.in/gadscript/657asds90/cross.png]
[cdn.spxl.ink/js/spb.minf552.js]
[reports.magicbid.ai/img/cloud-computing.png]
[magictag.digislots.in/657asds90/mbscss.css]
[magictag.digislots.in/657asds90/magic-shield.js]
[e-gujarati.in/wp-admin/admin-ajax.html]
[e-gujarati.in/POST.html]
[e-gujarati.in/wp-content/plugins/easy-table-of-contents/assets/css/screen.minf169.css]
[e-gujarati.in/index1caa.html]
[e-gujarati.in/insuring-against-climate-change-policies-for-a-warmer-world/feed/index.html]
[e-gujarati.in/wp-json/wp/v2/posts/341.json]
[e-gujarati.in/wp-json/oembed/1.0/embed7313.json]
[e-gujarati.in/wp-json/oembed/1.0/embedda4b]
[e-gujarati.in/insuring-against-climate-change-policies-for-a-warmer-world/POST]
[e-gujarati.in/insuring-against-climate-change-policies-for-a-warmer-world/index.html]
[e-gujarati.in/freelancer-insurance-combating-insecurity-in-the-gig-economy/feed/index.html]
[e-gujarati.in/wp-json/wp/v2/posts/342.json]
[e-gujarati.in/wp-json/oembed/1.0/embeda4cf.json]
[e-gujarati.in/wp-json/oembed/1.0/embed4bce]
[e-gujarati.in/freelancer-insurance-combating-insecurity-in-the-gig-economy/POST]
[e-gujarati.in/freelancer-insurance-combating-insecurity-in-the-gig-economy/index.html]
[e-gujarati.in/insurance-and-loans-in-the-age-of-ai-personalizing-financial-products/POST.html]
[e-gujarati.in/index42a9.html]
[e-gujarati.in/exploring-the-viability-of-loans-for-retrofitting-homes-for-energy-efficiency/feed/index.html]
[e-gujarati.in/wp-json/wp/v2/posts/359.json]
[e-gujarati.in/wp-json/oembed/1.0/embeda2e7.json]
[e-gujarati.in/wp-json/oembed/1.0/embed3201]
[e-gujarati.in/exploring-the-viability-of-loans-for-retrofitting-homes-for-energy-efficiency/POST]
[e-gujarati.in/exploring-the-viability-of-loans-for-retrofitting-homes-for-energy-efficiency/index.html]
[e-gujarati.in/the-shift-towards-digital-loan-platforms-what-it-means-for-borrowers/feed/index.html]
[e-gujarati.in/wp-json/wp/v2/posts/358.json]
[e-gujarati.in/wp-json/oembed/1.0/embed60fd.json]
[e-gujarati.in/wp-json/oembed/1.0/embedf94a]
[e-gujarati.in/the-shift-towards-digital-loan-platforms-what-it-means-for-borrowers/POST]
[e-gujarati.in/the-shift-towards-digital-loan-platforms-what-it-means-for-borrowers/index.html]
[e-gujarati.in/cryptocurrency-in-real-estate-buying-property-with-digital-currency/POST.html]
[e-gujarati.in/index2325.html]
[e-gujarati.in/modern-financial-challenges-balancing-student-loans-mortgages-and-saving-for-retirement/POST.html]
[e-gujarati.in/indexc351.html]
[e-gujarati.in/the-intersection-of-personal-finance-and-environmental-sustainability/POST.html]
[e-gujarati.in/indexa7ab.html]
[e-gujarati.in/global-real-estate-how-to-secure-a-mortgage-for-overseas-property/POST.html]
[e-gujarati.in/index264a.html]
[e-gujarati.in/the-pros-and-cons-of-mortgage-forbearance-what-homeowners-need-to-know/POST.html]
[e-gujarati.in/index3922.html]
[e-gujarati.in/understanding-the-mortgage-process-for-tiny-homes-and-non-traditional-dwellings/POST.html]
[e-gujarati.in/index9222.html]
[e-gujarati.in/mortgage-tips-for-purchasing-investment-properties/POST.html]
[e-gujarati.in/wp-json/wp/v2/posts/360.json]
[e-gujarati.in/creative-financing-loans-for-artists-and-musicians/feed/index.html]
[e-gujarati.in/wp-json/oembed/1.0/embedc900.json]
[e-gujarati.in/wp-json/oembed/1.0/embedc8e3]
[e-gujarati.in/creative-financing-loans-for-artists-and-musicians/POST]
[e-gujarati.in/creative-financing-loans-for-artists-and-musicians/index.html]
[e-gujarati.in/the-growing-popularity-of-peer-to-peer-p2p-loan-in-diverse-markets/feed/index.html]
[e-gujarati.in/wp-json/wp/v2/posts/356.json]
[e-gujarati.in/wp-json/oembed/1.0/embed4d48.json]
[e-gujarati.in/wp-json/oembed/1.0/embedfce0]
[e-gujarati.in/the-growing-popularity-of-peer-to-peer-p2p-loan-in-diverse-markets/POST]
[e-gujarati.in/the-growing-popularity-of-peer-to-peer-p2p-loan-in-diverse-markets/index.html]
[e-gujarati.in/financing-the-fight-against-climate-change-green-loans-explained/feed/index.html]
[e-gujarati.in/wp-json/wp/v2/posts/357.json]
[e-gujarati.in/wp-json/oembed/1.0/embed7dc9.json]
[e-gujarati.in/wp-json/oembed/1.0/embed8a03]
[e-gujarati.in/financing-the-fight-against-climate-change-green-loans-explained/POST]
[e-gujarati.in/financing-the-fight-against-climate-change-green-loans-explained/index.html]
[e-gujarati.in/category/loan/POST.html]
[e-gujarati.in/category/personal-loan/POST.html]
[e-gujarati.in/category/student-loan/POST.html]
[e-gujarati.in/navigating-insurance-needs-for-online-businesses-in-the-digital-marketplace/feed/index.html]
[e-gujarati.in/wp-json/wp/v2/posts/345.json]
[e-gujarati.in/wp-json/oembed/1.0/embed71a3.json]
[e-gujarati.in/wp-json/oembed/1.0/embed40bf]
[e-gujarati.in/navigating-insurance-needs-for-online-businesses-in-the-digital-marketplace/POST]
[e-gujarati.in/navigating-insurance-needs-for-online-businesses-in-the-digital-marketplace/index.html]
[e-gujarati.in/the-rise-of-insurance-for-autonomous-drones-and-robots/feed/index.html]
[e-gujarati.in/wp-json/wp/v2/posts/344.json]
[e-gujarati.in/wp-json/oembed/1.0/embed2e95.json]
[e-gujarati.in/wp-json/oembed/1.0/embed4da7]
[e-gujarati.in/the-rise-of-insurance-for-autonomous-drones-and-robots/POST]
[e-gujarati.in/the-rise-of-insurance-for-autonomous-drones-and-robots/index.html]
[e-gujarati.in/understanding-supplemental-health-insurance-is-it-worth-the-extra-cost/feed/index.html]
[e-gujarati.in/wp-json/wp/v2/posts/343.json]
[e-gujarati.in/wp-json/oembed/1.0/embed8fe4.json]
[e-gujarati.in/wp-json/oembed/1.0/embed6eff]
[e-gujarati.in/understanding-supplemental-health-insurance-is-it-worth-the-extra-cost/POST]
[e-gujarati.in/understanding-supplemental-health-insurance-is-it-worth-the-extra-cost/index.html]
[e-gujarati.in/category/insurance/POST.html]
[e-gujarati.in/category/health-insurance/POST.html]
[e-gujarati.in/category/mortgage/POST.html]
[e-gujarati.in/index2023.html]
[e-gujarati.in/the-role-of-finance-in-achieving-personal-and-community-wellness/POST.html]
[e-gujarati.in/author/abhishek/page/2/POST]
[e-gujarati.in/author/abhishek/page/2/index.html]
[e-gujarati.in/author/abhishek/POST.html]
[e-gujarati.in/category/home-loan/POST.html]
[e-gujarati.in/index0261.html]
[e-gujarati.in/how-to-leverage-your-home-equity-wisely-second-mortgage-vs-heloc/POST.html]
[e-gujarati.in/page/4/index.html]
[e-gujarati.in/page/3/POST.de.delayed]
[e-gujarati.in/page/3/index.html]
[e-gujarati.in/page/2/POST.html]
[e-gujarati.in/mera-bill-mera-adhikar-yojana/feed/index.html]
[e-gujarati.in/wp-json/wp/v2/posts/117.json]
[e-gujarati.in/wp-json/oembed/1.0/embed25ad.json]
[e-gujarati.in/wp-json/oembed/1.0/embedc6ed]
[e-gujarati.in/mera-bill-mera-adhikar-yojana/POST]
[e-gujarati.in/mera-bill-mera-adhikar-yojana/index.html]
[e-gujarati.in/author/egujarati/feed/index.html]
[e-gujarati.in/wp-json/wp/v2/users/1.json]
[e-gujarati.in/author/egujarati/page/2/index.html]
[e-gujarati.in/author/egujarati/POST.e4.delayed]
[e-gujarati.in/author/egujarati/page/5/index.html]
[e-gujarati.in/author/egujarati/index.html]
[e-gujarati.in/namo-tablet-yojana-2024/feed/index.html]
[e-gujarati.in/wp-json/wp/v2/posts/113.json]
[e-gujarati.in/wp-json/oembed/1.0/embed19b4.json]
[e-gujarati.in/wp-json/oembed/1.0/embedadbf]
[e-gujarati.in/electric-vehicle-subsidy-yojana-gujarat/index.html]
[e-gujarati.in/namo-tablet-yojana-2024/POST]
[e-gujarati.in/namo-tablet-yojana-2024/index.html]
[e-gujarati.in/tar-fencing-yojana-2024/feed/index.html]
[e-gujarati.in/wp-json/wp/v2/posts/109.json]
[e-gujarati.in/wp-json/oembed/1.0/embed8e54.json]
[e-gujarati.in/wp-json/oembed/1.0/embed2c4a]
[e-gujarati.in/tar-fencing-yojana-2024/POST]
[e-gujarati.in/tar-fencing-yojana-2024/index.html]
[e-gujarati.in/wp-json/wp/v2/posts/98.json]
[e-gujarati.in/pradhan-mantri-matru-vandana-yojana/feed/index.html]
[e-gujarati.in/wp-json/oembed/1.0/embedf9ce.json]
[e-gujarati.in/wp-json/oembed/1.0/embed3169]
[e-gujarati.in/pradhan-mantri-matru-vandana-yojana/POST]
[e-gujarati.in/pradhan-mantri-matru-vandana-yojana/index.html]
[e-gujarati.in/vahli-dikri-yojana-2024/feed/index.html]
[e-gujarati.in/wp-json/wp/v2/posts/90.json]
[e-gujarati.in/wp-json/oembed/1.0/embed7b59.json]
[e-gujarati.in/wp-json/oembed/1.0/embedffe9]
[e-gujarati.in/vahli-dikri-yojana-2024/POST]
[e-gujarati.in/vahli-dikri-yojana-2024/index.html]
[e-gujarati.in/pradhan-mantri-jan-dhan-yojana-2024/feed/index.html]
[e-gujarati.in/wp-json/wp/v2/posts/86.json]
[e-gujarati.in/wp-json/oembed/1.0/embed3522.json]
[e-gujarati.in/wp-json/oembed/1.0/embede400]
[e-gujarati.in/pradhan-mantri-jan-dhan-yojana-2024/POST]
[e-gujarati.in/pradhan-mantri-jan-dhan-yojana-2024/index.html]
[e-gujarati.in/student-laptop-yojana-2024/feed/index.html]
[e-gujarati.in/wp-json/wp/v2/posts/80.json]
[e-gujarati.in/wp-json/oembed/1.0/embed18b8.json]
[e-gujarati.in/wp-json/oembed/1.0/embed5deb]
[e-gujarati.in/student-laptop-yojana-2024/POST]
[e-gujarati.in/student-laptop-yojana-2024/index.html]
[e-gujarati.in/gujarat-ganga-swarupa-yojana-2024/feed/index.html]
[e-gujarati.in/wp-json/wp/v2/posts/73.json]
[e-gujarati.in/wp-json/oembed/1.0/embed36d2.json]
[e-gujarati.in/wp-json/oembed/1.0/embed663a]
[e-gujarati.in/jmc-recruitment-2024/index.html]
[e-gujarati.in/gujarat-ganga-swarupa-yojana-2024/POST]
[e-gujarati.in/gujarat-ganga-swarupa-yojana-2024/index.html]
[e-gujarati.in/matrutva-vandana-yojana/feed/index.html]
[e-gujarati.in/wp-json/wp/v2/posts/58.json]
[e-gujarati.in/wp-json/oembed/1.0/embed40c2.json]
[e-gujarati.in/wp-json/oembed/1.0/embedbcb8]
[e-gujarati.in/matrutva-vandana-yojana/POST]
[e-gujarati.in/matrutva-vandana-yojana/index.html]
[e-gujarati.in/wp-content/uploads/2024/01/NPCIL-Recruitment-2024-1024x576.webp]
[e-gujarati.in/wp-content/uploads/2024/01/NIMHANS-Recruitment-2024-1024x576.webp]
[e-gujarati.in/wp-content/uploads/2024/01/GBU-Recruitment-2024-1024x576.webp]
[e-gujarati.in/npcil-recruitment-2024/index.html]
[e-gujarati.in/nimhans-recruitment-2024/index.html]
[e-gujarati.in/page/5/index.html]
[e-gujarati.in/gbu-recruitment-2024/index.html]
[e-gujarati.in/page/6/POST]
[e-gujarati.in/page/6/index.html]
[e-gujarati.in/page/7/POST.html]
[e-gujarati.in/category/car-loan/POST.html]
[e-gujarati.in/niacl-assistant-recruitment-2024/feed/index.html]
[e-gujarati.in/wp-json/wp/v2/posts/309.json]
[e-gujarati.in/wp-json/oembed/1.0/embedf7fd.json]
[e-gujarati.in/wp-json/oembed/1.0/embedc466]
[e-gujarati.in/niacl-assistant-recruitment-2024/POST]
[e-gujarati.in/niacl-assistant-recruitment-2024/index.html]
[e-gujarati.in/becil-recruitment-2024/feed/index.html]
[e-gujarati.in/wp-json/wp/v2/posts/305.json]
[e-gujarati.in/wp-json/oembed/1.0/embedfd87.json]
[e-gujarati.in/wp-json/oembed/1.0/embedea7e]
[e-gujarati.in/becil-recruitment-2024/POST]
[e-gujarati.in/becil-recruitment-2024/index.html]
[e-gujarati.in/wp-json/wp/v2/posts/302.json]
[e-gujarati.in/gpsc-bharti-2024/feed/index.html]
[e-gujarati.in/wp-json/oembed/1.0/embed4efb.json]
[e-gujarati.in/wp-json/oembed/1.0/embedab1c]
[e-gujarati.in/gpsc-bharti-2024/POST]
[e-gujarati.in/gpsc-bharti-2024/index.html]
[e-gujarati.in/12th-pass-bharti-2024/feed/index.html]
[e-gujarati.in/wp-json/wp/v2/posts/298.json]
[e-gujarati.in/wp-json/oembed/1.0/embede0d5.json]
[e-gujarati.in/wp-json/oembed/1.0/embed5c2e]
[e-gujarati.in/12th-pass-bharti-2024/POST]
[e-gujarati.in/12th-pass-bharti-2024/index.html]
[e-gujarati.in/wp-json/wp/v2/posts/294.json]
[e-gujarati.in/ntpc-bharti-2024/feed/index.html]
[e-gujarati.in/wp-json/oembed/1.0/embed056c.json]
[e-gujarati.in/wp-json/oembed/1.0/embed038a]
[e-gujarati.in/ntpc-bharti-2024/POST]
[e-gujarati.in/ntpc-bharti-2024/index.html]
[e-gujarati.in/police-vibhag-bharti-2024/feed/index.html]
[e-gujarati.in/wp-json/wp/v2/posts/291.json]
[e-gujarati.in/wp-json/oembed/1.0/embedd4b0.json]
[e-gujarati.in/wp-json/oembed/1.0/embed3cdb]
[e-gujarati.in/police-vibhag-bharti-2024/POST]
[e-gujarati.in/police-vibhag-bharti-2024/index.html]
[e-gujarati.in/army-mes-bharti-2024/feed/index.html]
[e-gujarati.in/wp-json/wp/v2/posts/278.json]
[e-gujarati.in/wp-json/oembed/1.0/embed0fd3.json]
[e-gujarati.in/wp-json/oembed/1.0/embed2d94]
[e-gujarati.in/pwd-bharti-2024/index.html]
[e-gujarati.in/army-mes-bharti-2024/POST.124.delayed]
[e-gujarati.in/army-mes-bharti-2024/index.html]
[e-gujarati.in/gujarat-bharti-melo-2024/index.html]
[e-gujarati.in/rre-je-bharti-2024/feed/index.html]
[e-gujarati.in/wp-json/wp/v2/posts/275.json]
[e-gujarati.in/wp-json/oembed/1.0/embed7624.json]
[e-gujarati.in/wp-json/oembed/1.0/embedd0ac]
[e-gujarati.in/rre-je-bharti-2024/POST]
[e-gujarati.in/rre-je-bharti-2024/index.html]
[e-gujarati.in/bank-of-baroda-manager-recruitment-2024/index.html]
[e-gujarati.in/aai-recruitment-2024/feed/index.html]
[e-gujarati.in/wp-json/wp/v2/posts/262.json]
[e-gujarati.in/wp-json/oembed/1.0/embedf7f8.json]
[e-gujarati.in/wp-json/oembed/1.0/embedf876]
[e-gujarati.in/ncl-assistant-foreman-recruitment-2024/index.html]
[e-gujarati.in/aai-recruitment-2024/POST]
[e-gujarati.in/aai-recruitment-2024/index.html]
[e-gujarati.in/indian-army-ssc-recruitment-2024/feed/index.html]
[e-gujarati.in/wp-json/wp/v2/posts/259.json]
[e-gujarati.in/wp-json/oembed/1.0/embedfec1.json]
[e-gujarati.in/wp-json/oembed/1.0/embed0d25]
[e-gujarati.in/gujarat-nagarpalika-recruitment-2024/index.html]
[e-gujarati.in/indian-army-ssc-recruitment-2024/POST]
[e-gujarati.in/indian-army-ssc-recruitment-2024/index.html]
[e-gujarati.in/wp-content/uploads/2024/01/PWD-Recruitment-2024-1024x576.png]
[e-gujarati.in/wp-content/uploads/2024/01/Gujarat-Bharti-Melo-2024-1024x576.png]
[e-gujarati.in/wp-content/uploads/2024/01/Bank-of-Baroda-Manager-Recruitment-2024--1024x576.png]
[e-gujarati.in/wp-content/uploads/2024/01/NCL-Assistant-Foreman-Recruitment-2024-1024x576.png]
[e-gujarati.in/wp-content/uploads/2024/01/Gujarat-Nagarpalika-Recruitment-2024--1024x576.png]
[e-gujarati.in/wp-content/uploads/2024/01/RRB-NTPC-Recruitment-2024-1024x576.png]
[e-gujarati.in/wp-content/uploads/2024/01/Indian-Navy-Recruitment-2024-1024x576.png]
[e-gujarati.in/wp-content/uploads/2024/01/crpf-recruitment-2024-1024x576.png]
[e-gujarati.in/indian-navy-recruitment-2024/index.html]
[e-gujarati.in/rrb-ntpc-recruitment-2024/index.html]
[e-gujarati.in/crpf-recruitment-2024/index.html]
[e-gujarati.in/wp-content/uploads/2024/01/vmc-recruitment-2024-1-1024x576.png]
[e-gujarati.in/wp-content/uploads/2024/01/ISRO-Recruitment-2024-1024x576.png]
[e-gujarati.in/vmc-recruitment-2024/index.html]
[e-gujarati.in/isro-recruitment-2024/index.html]
[e-gujarati.in/category/jobs/page/2/POST]
[e-gujarati.in/category/jobs/page/2/index.html]
[e-gujarati.in/category/jobs/page/3/index.html]
[e-gujarati.in/category/jobs/page/4/POST]
[e-gujarati.in/category/jobs/page/4/index.html]
[e-gujarati.in/category/jobs/POST.html]
[e-gujarati.in/category/life-insurance/POST.html]
[e-gujarati.in/lpg-cylinder-price/feed/index.html]
[e-gujarati.in/wp-json/wp/v2/posts/286.json]
[e-gujarati.in/wp-json/oembed/1.0/embedc509.json]
[e-gujarati.in/wp-json/oembed/1.0/embed3625]
[e-gujarati.in/lpg-cylinder-price/POST]
[e-gujarati.in/lpg-cylinder-price/index.html]
[e-gujarati.in/7th-pay-commission-latest-news/feed/index.html]
[e-gujarati.in/wp-json/wp/v2/posts/281.json]
[e-gujarati.in/wp-json/oembed/1.0/embedde71.json]
[e-gujarati.in/wp-json/oembed/1.0/embedb5fa]
[e-gujarati.in/7th-pay-commission-latest-news/POST]
[e-gujarati.in/7th-pay-commission-latest-news/index.html]
[e-gujarati.in/pradhan-mantri-yasasvi-scholarship-yojana/feed/index.html]
[e-gujarati.in/wp-json/wp/v2/posts/153.json]
[e-gujarati.in/wp-json/oembed/1.0/embed7e31.json]
[e-gujarati.in/wp-json/oembed/1.0/embed1dfc]
[e-gujarati.in/pradhan-mantri-yasasvi-scholarship-yojana/POST]
[e-gujarati.in/pradhan-mantri-yasasvi-scholarship-yojana/index.html]
[e-gujarati.in/gujarat-mukhyamantri-nidan-yojana/feed/index.html]
[e-gujarati.in/wp-json/wp/v2/posts/150.json]
[e-gujarati.in/wp-json/oembed/1.0/embed7567.json]
[e-gujarati.in/wp-json/oembed/1.0/embed22d8]
[e-gujarati.in/gujarat-mukhyamantri-nidan-yojana/POST]
[e-gujarati.in/gujarat-mukhyamantri-nidan-yojana/index.html]
[e-gujarati.in/gujarat-mukhyamantri-kisan-sahay-yojana/feed/index.html]
[e-gujarati.in/wp-json/wp/v2/posts/145.json]
[e-gujarati.in/wp-json/oembed/1.0/embed3cb9.json]
[e-gujarati.in/wp-json/oembed/1.0/embedeb95]
[e-gujarati.in/gujarat-mukhyamantri-kisan-sahay-yojana/POST]
[e-gujarati.in/gujarat-mukhyamantri-kisan-sahay-yojana/index.html]
[e-gujarati.in/ujala-yojana-gujarat/feed/index.html]
[e-gujarati.in/wp-json/wp/v2/posts/142.json]
[e-gujarati.in/wp-json/oembed/1.0/embedf9f5.json]
[e-gujarati.in/wp-json/oembed/1.0/embedd181]
[e-gujarati.in/ujala-yojana-gujarat/POST]
[e-gujarati.in/ujala-yojana-gujarat/index.html]
[e-gujarati.in/pradhan-mantri-awas-yojana/feed/index.html]
[e-gujarati.in/wp-json/wp/v2/posts/137.json]
[e-gujarati.in/wp-json/oembed/1.0/embed81bd.json]
[e-gujarati.in/wp-json/oembed/1.0/embed4c53]
[e-gujarati.in/pradhan-mantri-awas-yojana/POST]
[e-gujarati.in/pradhan-mantri-awas-yojana/index.html]
[e-gujarati.in/pm-mudra-loan-2024/feed/index.html]
[e-gujarati.in/wp-json/wp/v2/posts/130.json]
[e-gujarati.in/wp-json/oembed/1.0/embed1dba.json]
[e-gujarati.in/wp-json/oembed/1.0/embed0f5c]
[e-gujarati.in/pm-mudra-loan-2024/POST]
[e-gujarati.in/pm-mudra-loan-2024/index.html]
[e-gujarati.in/solar-rooftop-yojana-2024/feed/index.html]
[e-gujarati.in/wp-json/wp/v2/posts/122.json]
[e-gujarati.in/wp-json/oembed/1.0/embedd71b.json]
[e-gujarati.in/wp-json/oembed/1.0/embed3136]
[e-gujarati.in/solar-rooftop-yojana-2024/POST]
[e-gujarati.in/solar-rooftop-yojana-2024/index.html]
[e-gujarati.in/category/yojana/page/2/POST]
[e-gujarati.in/category/yojana/page/2/index.html]
[e-gujarati.in/category/yojana/POST.html]
[e-gujarati.in/indexc4f7.html]
[e-gujarati.in/about-us/POST.html]
[e-gujarati.in/index64b4.html]
[e-gujarati.in/contact-us/POST.html]
[e-gujarati.in/index2207.html]
[e-gujarati.in/xmlrpc.php]
[e-gujarati.in/privacy-policy/POST.html]
[e-gujarati.in/index678b.html]
[e-gujarati.in/terms-and-conditions/POST.html]
[e-gujarati.in/index0b69.html]
[e-gujarati.in/cdn-cgi/l/email-protection.html]
[e-gujarati.in/disclaimer/POST.html]
[e-gujarati.in/_ClienturiOnlyFront.html]
[magictag.digislots.in/657asds90/mbscss.css]
[gmpg.org/xfn/11]
[e-gujarati.in/index47c4.html]
[e-gujarati.in/insuring-against-climate-change-policies-for-a-warmer-world/POST.html]
[e-gujarati.in/indexc2ef.html]
[e-gujarati.in/freelancer-insurance-combating-insecurity-in-the-gig-economy/POST.html]
[e-gujarati.in/indexcaf0.html]
[e-gujarati.in/exploring-the-viability-of-loans-for-retrofitting-homes-for-energy-efficiency/POST.html]
[e-gujarati.in/indexf5a4.html]
[e-gujarati.in/the-shift-towards-digital-loan-platforms-what-it-means-for-borrowers/POST.html]
[e-gujarati.in/index4c85.html]
[e-gujarati.in/creative-financing-loans-for-artists-and-musicians/POST.html]
[e-gujarati.in/index57e7.html]
[e-gujarati.in/the-growing-popularity-of-peer-to-peer-p2p-loan-in-diverse-markets/POST.html]
[e-gujarati.in/indexec1b.html]
[e-gujarati.in/financing-the-fight-against-climate-change-green-loans-explained/POST.html]
[e-gujarati.in/index50ca.html]
[e-gujarati.in/navigating-insurance-needs-for-online-businesses-in-the-digital-marketplace/POST.html]
[e-gujarati.in/index6150.html]
[e-gujarati.in/the-rise-of-insurance-for-autonomous-drones-and-robots/POST.html]
[e-gujarati.in/index3e1b.html]
[e-gujarati.in/understanding-supplemental-health-insurance-is-it-worth-the-extra-cost/POST.html]
[e-gujarati.in/author/abhishek/page/2/POST.html]
[e-gujarati.in/page/4/POST.162.delayed]
[e-gujarati.in/page/4/index.html]
[e-gujarati.in/page/3/POST.html]
[e-gujarati.in/index8320.html]
[e-gujarati.in/mera-bill-mera-adhikar-yojana/POST.html]
[e-gujarati.in/author/egujarati/page/3/index.html]
[e-gujarati.in/author/egujarati/page/2/POST.163.delayed]
[e-gujarati.in/author/egujarati/page/2/index.html]
[e-gujarati.in/author/egujarati/page/4/index.html]
[e-gujarati.in/author/egujarati/page/5/POST]
[e-gujarati.in/author/egujarati/page/5/index.html]
[e-gujarati.in/author/egujarati/POST.html]
[e-gujarati.in/index3961.html]
[e-gujarati.in/electric-vehicle-subsidy-yojana-gujarat/index.html]
[e-gujarati.in/namo-tablet-yojana-2024/POST.html]
[e-gujarati.in/indexe887.html]
[e-gujarati.in/tar-fencing-yojana-2024/POST.html]
[e-gujarati.in/indexb6ad.html]
[e-gujarati.in/pradhan-mantri-matru-vandana-yojana/POST.html]
[e-gujarati.in/indexeffd.html]
[e-gujarati.in/vahli-dikri-yojana-2024/POST.html]
[e-gujarati.in/index6213.html]
[e-gujarati.in/pradhan-mantri-jan-dhan-yojana-2024/POST.html]
[e-gujarati.in/indexbde5.html]
[e-gujarati.in/student-laptop-yojana-2024/POST.html]
[e-gujarati.in/index8cae.html]
[e-gujarati.in/jmc-recruitment-2024/index.html]
[e-gujarati.in/gujarat-ganga-swarupa-yojana-2024/POST.html]
[e-gujarati.in/indexe9b4.html]
[e-gujarati.in/matrutva-vandana-yojana/POST.html]
[e-gujarati.in/npcil-recruitment-2024/feed/index.html]
[e-gujarati.in/wp-json/wp/v2/posts/168.json]
[e-gujarati.in/wp-json/oembed/1.0/embed780d.json]
[e-gujarati.in/wp-json/oembed/1.0/embed45d8]
[e-gujarati.in/3-pass-bharti-2024/index.html]
[e-gujarati.in/npcil-recruitment-2024/POST]
[e-gujarati.in/npcil-recruitment-2024/index.html]
[e-gujarati.in/nimhans-recruitment-2024/feed/index.html]
[e-gujarati.in/wp-json/wp/v2/posts/162.json]
[e-gujarati.in/wp-json/oembed/1.0/embed2ff1.json]
[e-gujarati.in/wp-json/oembed/1.0/embed9270]
[e-gujarati.in/nimhans-recruitment-2024/POST]
[e-gujarati.in/nimhans-recruitment-2024/index.html]
[e-gujarati.in/wp-json/wp/v2/posts/156.json]
[e-gujarati.in/gbu-recruitment-2024/feed/index.html]
[e-gujarati.in/wp-json/oembed/1.0/embedce24.json]
[e-gujarati.in/wp-json/oembed/1.0/embed6d15]
[e-gujarati.in/gbu-recruitment-2024/POST]
[e-gujarati.in/gbu-recruitment-2024/index.html]
[e-gujarati.in/wp-content/uploads/2024/01/Anganwadi-Supervisor-Recruitment-2024-1024x576.webp]
[e-gujarati.in/wp-content/uploads/2024/01/RRB-Assistant-Loco-Pilot-Recruitment-2024-1024x576.png]
[e-gujarati.in/wp-content/uploads/2024/01/PNB-Recruitment-2024-2-1024x576.webp]
[e-gujarati.in/rrb-assistant-loco-pilot-recruitment-2024/index.html]
[e-gujarati.in/wp-content/uploads/2024/01/NCERT-Recruitment-2024-1024x576.webp]
[e-gujarati.in/pnb-recruitment-2024/index.html]
[e-gujarati.in/anganwadi-supervisor-recruitment-2024/index.html]
[e-gujarati.in/wp-content/uploads/2024/01/BPNL-Recruitment-2024-1024x576.png]
[e-gujarati.in/ncert-recruitment-2024/index.html]
[e-gujarati.in/wp-content/uploads/2024/01/GSL-Recruitment-2024-1024x576.webp]
[e-gujarati.in/wp-content/uploads/2024/01/AOC-Recruitment-2024-1024x576.webp]
[e-gujarati.in/bpnl-recruitment-2024/index.html]
[e-gujarati.in/wp-content/uploads/2024/01/3-pass-bharti-2024-1-1024x576.png]
[e-gujarati.in/gsl-recruitment-2024/index.html]
[e-gujarati.in/aoc-recruitment-2024/index.html]
[e-gujarati.in/page/5/POST]
[e-gujarati.in/page/5/index.html]
[e-gujarati.in/page/6/POST.html]
[e-gujarati.in/indexef92.html]
[e-gujarati.in/niacl-assistant-recruitment-2024/POST.html]
[e-gujarati.in/index4720.html]
[e-gujarati.in/becil-recruitment-2024/POST.html]
[e-gujarati.in/index52e8.html]
[e-gujarati.in/gpsc-bharti-2024/POST.html]
[e-gujarati.in/indexba86.html]
[e-gujarati.in/12th-pass-bharti-2024/POST.html]
[e-gujarati.in/indexe2aa.html]
[e-gujarati.in/ntpc-bharti-2024/POST.html]
[e-gujarati.in/index820e.html]
[e-gujarati.in/police-vibhag-bharti-2024/POST.html]
[e-gujarati.in/index1641.html]
[e-gujarati.in/pwd-bharti-2024/feed/index.html]
[e-gujarati.in/wp-json/wp/v2/posts/254.json]
[e-gujarati.in/wp-json/oembed/1.0/embed1c55.json]
[e-gujarati.in/wp-json/oembed/1.0/embed1b64]
[e-gujarati.in/pwd-bharti-2024/POST]
[e-gujarati.in/pwd-bharti-2024/index.html]
[e-gujarati.in/gujarat-bharti-melo-2024/feed/index.html]
[e-gujarati.in/wp-json/wp/v2/posts/251.json]
[e-gujarati.in/wp-json/oembed/1.0/embed9afb.json]
[e-gujarati.in/wp-json/oembed/1.0/embeddac7]
[e-gujarati.in/gujarat-bharti-melo-2024/POST]
[e-gujarati.in/gujarat-bharti-melo-2024/index.html]
[e-gujarati.in/army-mes-bharti-2024/POST.html]
[e-gujarati.in/index0b1f.html]
[e-gujarati.in/bank-of-baroda-manager-recruitment-2024/feed/index.html]
[e-gujarati.in/wp-json/wp/v2/posts/248.json]
[e-gujarati.in/wp-json/oembed/1.0/embed4891.json]
[e-gujarati.in/wp-json/oembed/1.0/embedef74]
[e-gujarati.in/bank-of-baroda-manager-recruitment-2024/POST]
[e-gujarati.in/bank-of-baroda-manager-recruitment-2024/index.html]
[e-gujarati.in/rre-je-bharti-2024/POST.html]
[e-gujarati.in/index7d69.html]
[e-gujarati.in/ncl-assistant-foreman-recruitment-2024/feed/index.html]
[e-gujarati.in/wp-json/wp/v2/posts/245.json]
[e-gujarati.in/wp-json/oembed/1.0/embed599f.json]
[e-gujarati.in/wp-json/oembed/1.0/embed71fb]
[e-gujarati.in/ncl-assistant-foreman-recruitment-2024/POST]
[e-gujarati.in/ncl-assistant-foreman-recruitment-2024/index.html]
[e-gujarati.in/aai-recruitment-2024/POST.html]
[e-gujarati.in/indexc544.html]
[e-gujarati.in/wp-json/wp/v2/posts/241.json]
[e-gujarati.in/gujarat-nagarpalika-recruitment-2024/feed/index.html]
[e-gujarati.in/wp-json/oembed/1.0/embed7a94.json]
[e-gujarati.in/wp-json/oembed/1.0/embede0f9]
[e-gujarati.in/gujarat-nagarpalika-recruitment-2024/POST]
[e-gujarati.in/gujarat-nagarpalika-recruitment-2024/index.html]
[e-gujarati.in/indian-army-ssc-recruitment-2024/POST.html]
[e-gujarati.in/rrb-ntpc-recruitment-2024/feed/index.html]
[e-gujarati.in/wp-json/wp/v2/posts/236.json]
[e-gujarati.in/wp-json/oembed/1.0/embedf387.json]
[e-gujarati.in/wp-json/oembed/1.0/embed7559]
[e-gujarati.in/rrb-ntpc-recruitment-2024/POST]
[e-gujarati.in/rrb-ntpc-recruitment-2024/index.html]
[e-gujarati.in/indian-navy-recruitment-2024/feed/index.html]
[e-gujarati.in/wp-json/wp/v2/posts/232.json]
[e-gujarati.in/wp-json/oembed/1.0/embedaef0.json]
[e-gujarati.in/wp-json/oembed/1.0/embedca85]
[e-gujarati.in/indian-navy-recruitment-2024/POST]
[e-gujarati.in/indian-navy-recruitment-2024/index.html]
[e-gujarati.in/crpf-recruitment-2024/feed/index.html]
[e-gujarati.in/wp-json/wp/v2/posts/225.json]
[e-gujarati.in/wp-json/oembed/1.0/embed139d.json]
[e-gujarati.in/wp-json/oembed/1.0/embed14a5]
[e-gujarati.in/crpf-recruitment-2024/POST]
[e-gujarati.in/crpf-recruitment-2024/index.html]
[e-gujarati.in/vmc-recruitment-2024/feed/index.html]
[e-gujarati.in/wp-json/wp/v2/posts/220.json]
[e-gujarati.in/wp-json/oembed/1.0/embed87d1.json]
[e-gujarati.in/wp-json/oembed/1.0/embed99f5]
[e-gujarati.in/vmc-recruitment-2024/POST]
[e-gujarati.in/vmc-recruitment-2024/index.html]
[e-gujarati.in/wp-json/wp/v2/posts/216.json]
[e-gujarati.in/isro-recruitment-2024/feed/index.html]
[e-gujarati.in/wp-json/oembed/1.0/embed995d.json]
[e-gujarati.in/wp-json/oembed/1.0/embedb54a]
[e-gujarati.in/isro-recruitment-2024/POST]
[e-gujarati.in/isro-recruitment-2024/index.html]
[e-gujarati.in/category/jobs/page/3/POST]
[e-gujarati.in/category/jobs/page/3/index.html]
[e-gujarati.in/category/jobs/page/2/POST.html]
[e-gujarati.in/category/jobs/page/4/POST.html]
[e-gujarati.in/index5c97.html]
[e-gujarati.in/lpg-cylinder-price/POST.html]
[e-gujarati.in/index73fa.html]
[e-gujarati.in/7th-pay-commission-latest-news/POST.html]
[e-gujarati.in/indexd7d8.html]
[e-gujarati.in/pradhan-mantri-yasasvi-scholarship-yojana/POST.html]
[e-gujarati.in/index56d6.html]
[e-gujarati.in/gujarat-mukhyamantri-nidan-yojana/POST.html]
[e-gujarati.in/indexbe3b.html]
[e-gujarati.in/gujarat-mukhyamantri-kisan-sahay-yojana/POST.html]
[e-gujarati.in/indexee5b.html]
[e-gujarati.in/ujala-yojana-gujarat/POST.html]
[e-gujarati.in/index60d6.html]
[e-gujarati.in/pradhan-mantri-awas-yojana/POST.html]
[e-gujarati.in/index8b4e.html]
[e-gujarati.in/pm-mudra-loan-2024/POST.html]
[e-gujarati.in/indexdb84.html]
[e-gujarati.in/solar-rooftop-yojana-2024/POST.html]
[e-gujarati.in/category/yojana/page/2/POST.html]
[e-gujarati.in/page/4/POST.html]
[e-gujarati.in/author/egujarati/page/3/POST.1a3.delayed]
[e-gujarati.in/author/egujarati/page/3/index.html]
[e-gujarati.in/author/egujarati/page/2/POST.html]
[e-gujarati.in/author/egujarati/page/4/POST]
[e-gujarati.in/author/egujarati/page/4/index.html]
[e-gujarati.in/author/egujarati/page/5/POST.html]
[e-gujarati.in/indexada0.html]
[e-gujarati.in/3-pass-bharti-2024/feed/index.html]
[e-gujarati.in/wp-json/wp/v2/posts/174.json]
[e-gujarati.in/wp-json/oembed/1.0/embeddabc.json]
[e-gujarati.in/wp-json/oembed/1.0/embed321b]
[e-gujarati.in/3-pass-bharti-2024/POST]
[e-gujarati.in/3-pass-bharti-2024/index.html]
[e-gujarati.in/npcil-recruitment-2024/POST.html]
[e-gujarati.in/indexbbc7.html]
[e-gujarati.in/nimhans-recruitment-2024/POST.html]
[e-gujarati.in/indexd1a7.html]
[e-gujarati.in/gbu-recruitment-2024/POST.html]
[e-gujarati.in/anganwadi-supervisor-recruitment-2024/feed/index.html]
[e-gujarati.in/wp-json/wp/v2/posts/204.json]
[e-gujarati.in/wp-json/oembed/1.0/embede9fd.json]
[e-gujarati.in/wp-json/oembed/1.0/embed5647]
[e-gujarati.in/anganwadi-supervisor-recruitment-2024/POST]
[e-gujarati.in/anganwadi-supervisor-recruitment-2024/index.html]
[e-gujarati.in/rrb-assistant-loco-pilot-recruitment-2024/feed/index.html]
[e-gujarati.in/wp-json/wp/v2/posts/211.json]
[e-gujarati.in/wp-json/oembed/1.0/embede103.json]
[e-gujarati.in/wp-json/oembed/1.0/embed0cd8]
[e-gujarati.in/rrb-assistant-loco-pilot-recruitment-2024/POST]
[e-gujarati.in/rrb-assistant-loco-pilot-recruitment-2024/index.html]
[e-gujarati.in/pnb-recruitment-2024/feed/index.html]
[e-gujarati.in/wp-json/wp/v2/posts/198.json]
[e-gujarati.in/wp-json/oembed/1.0/embedd240.json]
[e-gujarati.in/wp-json/oembed/1.0/embed255d]
[e-gujarati.in/pnb-recruitment-2024/POST]
[e-gujarati.in/pnb-recruitment-2024/index.html]
[e-gujarati.in/ncert-recruitment-2024/feed/index.html]
[e-gujarati.in/wp-json/wp/v2/posts/192.json]
[e-gujarati.in/wp-json/oembed/1.0/embed20fc.json]
[e-gujarati.in/wp-json/oembed/1.0/embed2072]
[e-gujarati.in/ncert-recruitment-2024/POST]
[e-gujarati.in/ncert-recruitment-2024/index.html]
[e-gujarati.in/bpnl-recruitment-2024/feed/index.html]
[e-gujarati.in/wp-json/wp/v2/posts/188.json]
[e-gujarati.in/wp-json/oembed/1.0/embedb174.json]
[e-gujarati.in/wp-json/oembed/1.0/embedf216]
[e-gujarati.in/bpnl-recruitment-2024/POST]
[e-gujarati.in/bpnl-recruitment-2024/index.html]
[e-gujarati.in/wp-json/wp/v2/posts/183.json]
[e-gujarati.in/gsl-recruitment-2024/feed/index.html]
[e-gujarati.in/wp-json/oembed/1.0/embeda274.json]
[e-gujarati.in/wp-json/oembed/1.0/embed1c5e]
[e-gujarati.in/gsl-recruitment-2024/POST]
[e-gujarati.in/gsl-recruitment-2024/index.html]
[e-gujarati.in/aoc-recruitment-2024/feed/index.html]
[e-gujarati.in/wp-json/wp/v2/posts/179.json]
[e-gujarati.in/wp-json/oembed/1.0/embedb632.json]
[e-gujarati.in/wp-json/oembed/1.0/embeddbd7]
[e-gujarati.in/aoc-recruitment-2024/POST]
[e-gujarati.in/aoc-recruitment-2024/index.html]
[e-gujarati.in/page/5/POST.html]
[e-gujarati.in/index6233.html]
[e-gujarati.in/pwd-bharti-2024/POST.html]
[e-gujarati.in/indexd6e1.html]
[e-gujarati.in/gujarat-bharti-melo-2024/POST.html]
[e-gujarati.in/indexcf9a.html]
[e-gujarati.in/bank-of-baroda-manager-recruitment-2024/POST.html]
[e-gujarati.in/indexe1a1.html]
[e-gujarati.in/ncl-assistant-foreman-recruitment-2024/POST.html]
[e-gujarati.in/index03e1.html]
[e-gujarati.in/gujarat-nagarpalika-recruitment-2024/POST.html]
[e-gujarati.in/index0133.html]
[e-gujarati.in/rrb-ntpc-recruitment-2024/POST.html]
[e-gujarati.in/index80c9.html]
[e-gujarati.in/indian-navy-recruitment-2024/POST.html]
[e-gujarati.in/indexfa80.html]
[e-gujarati.in/crpf-recruitment-2024/POST.html]
[e-gujarati.in/index156c.html]
[e-gujarati.in/vmc-recruitment-2024/POST.html]
[e-gujarati.in/index4659.html]
[e-gujarati.in/isro-recruitment-2024/POST.html]
[e-gujarati.in/category/jobs/page/3/POST.html]
[e-gujarati.in/author/egujarati/page/3/POST.html]
[e-gujarati.in/author/egujarati/page/4/POST.html]
[e-gujarati.in/index0325.html]
[e-gujarati.in/3-pass-bharti-2024/POST.html]
[e-gujarati.in/indexcb89.html]
[e-gujarati.in/anganwadi-supervisor-recruitment-2024/POST.html]
[e-gujarati.in/index0114.html]
[e-gujarati.in/rrb-assistant-loco-pilot-recruitment-2024/POST.html]
[e-gujarati.in/indexd1c3.html]
[e-gujarati.in/pnb-recruitment-2024/POST.html]
[e-gujarati.in/index5a6a.html]
[e-gujarati.in/ncert-recruitment-2024/POST.html]
[e-gujarati.in/index9e8b.html]
[e-gujarati.in/bpnl-recruitment-2024/POST.html]
[e-gujarati.in/indexe8f5.html]
[e-gujarati.in/gsl-recruitment-2024/POST.html]
[e-gujarati.in/indexccf8.html]
[e-gujarati.in/aoc-recruitment-2024/POST.html]
